
> luxstay-frontend@0.1.0 build
> vite build

[36mvite v5.4.21 [32mbuilding for production...[36m[39m
transforming...
[32m✓[39m 74 modules transformed.
[31mx[39m Build failed in 460ms
[31merror during build:
[31m[vite:esbuild] Transform failed with 1 error:
C:/Users/Lenovo/Downloads/Advanced_Database_Systems/Advanced_Database_Systems-main/frontend/src/layouts/DashLayout.jsx:32:0: ERROR: Unexpected "<<"[31m
file: [36mC:/Users/Lenovo/Downloads/Advanced_Database_Systems/Advanced_Database_Systems-main/frontend/src/layouts/DashLayout.jsx:32:0[31m
[33m
[33mUnexpected "<<"[33m
30 |        { group: "Điều hành", to: PATHS.OWNER, label: "Dashboard", icon: "📊" },
31 |        { group: "Điều hành", to: PATHS.OWNER_BRANCHES, label: "Chi nhánh", icon: "🏢" },
32 |  <<<<<<< HEAD
   |  ^
33 |        { group: "Điều hành", to: PATHS.OWNER_BOOKINGS, label: "Toàn bộ booking", icon: "📋" },
34 |        { group: "Điều hành", to: PATHS.OWNER_USERS, label: "Người dùng", icon: "👥" },
[31m
    at failureErrorWithLog (C:\Users\Lenovo\Downloads\Advanced_Database_Systems\Advanced_Database_Systems-main\frontend\node_modules\esbuild\lib\main.js:1472:15)
    at C:\Users\Lenovo\Downloads\Advanced_Database_Systems\Advanced_Database_Systems-main\frontend\node_modules\esbuild\lib\main.js:755:50
    at responseCallbacks.<computed> (C:\Users\Lenovo\Downloads\Advanced_Database_Systems\Advanced_Database_Systems-main\frontend\node_modules\esbuild\lib\main.js:622:9)
    at handleIncomingPacket (C:\Users\Lenovo\Downloads\Advanced_Database_Systems\Advanced_Database_Systems-main\frontend\node_modules\esbuild\lib\main.js:677:12)
    at Socket.readFromStdout (C:\Users\Lenovo\Downloads\Advanced_Database_Systems\Advanced_Database_Systems-main\frontend\node_modules\esbuild\lib\main.js:600:7)
    at Socket.emit (node:events:508:28)
    at addChunk (node:internal/streams/readable:559:12)
    at readableAddChunkPushByteMode (node:internal/streams/readable:510:3)
    at Readable.push (node:internal/streams/readable:390:5)
    at Pipe.onStreamRead (node:internal/stream_base_commons:189:23)[39m
